DEBUG - 2026-05-13 07:17:01 --> Session: Class initialized using 'CodeIgniter\Session\Handlers\FileHandler' driver.
DEBUG - 2026-05-13 07:17:13 --> Session: Class initialized using 'CodeIgniter\Session\Handlers\FileHandler' driver.
DEBUG - 2026-05-13 07:18:03 --> Session: Class initialized using 'CodeIgniter\Session\Handlers\FileHandler' driver.
ERROR - 2026-05-13 07:18:03 --> Error connecting to the database: mysqli_sql_exception: No such file or directory in /home/davida/Documents/s4/Sys-Information /RH/system/Database/MySQLi/Connection.php:201
Stack trace:
#0 /home/davida/Documents/s4/Sys-Information /RH/system/Database/MySQLi/Connection.php(201): mysqli->real_connect()
#1 /home/davida/Documents/s4/Sys-Information /RH/system/Database/BaseConnection.php(555): CodeIgniter\Database\MySQLi\Connection->connect()
#2 /home/davida/Documents/s4/Sys-Information /RH/system/Database/BaseConnection.php(795): CodeIgniter\Database\BaseConnection->initialize()
#3 /home/davida/Documents/s4/Sys-Information /RH/system/Database/BaseBuilder.php(1649): CodeIgniter\Database\BaseConnection->query()
#4 /home/davida/Documents/s4/Sys-Information /RH/system/Model.php(295): CodeIgniter\Database\BaseBuilder->get()
#5 /home/davida/Documents/s4/Sys-Information /RH/system/BaseModel.php(714): CodeIgniter\Model->doFirst()
#6 /home/davida/Documents/s4/Sys-Information /RH/app/Models/EmployeModel.php(35): CodeIgniter\BaseModel->first()
#7 /home/davida/Documents/s4/Sys-Information /RH/app/Controllers/Auth.php(52): App\Models\EmployeModel->authentifier()
#8 /home/davida/Documents/s4/Sys-Information /RH/system/CodeIgniter.php(951): App\Controllers\Auth->doLogin()
#9 /home/davida/Documents/s4/Sys-Information /RH/system/CodeIgniter.php(497): CodeIgniter\CodeIgniter->runController()
#10 /home/davida/Documents/s4/Sys-Information /RH/system/CodeIgniter.php(340): CodeIgniter\CodeIgniter->handleRequest()
#11 /home/davida/Documents/s4/Sys-Information /RH/system/Boot.php(417): CodeIgniter\CodeIgniter->run()
#12 /home/davida/Documents/s4/Sys-Information /RH/system/Boot.php(68): CodeIgniter\Boot::runCodeIgniter()
#13 /home/davida/Documents/s4/Sys-Information /RH/public/index.php(59): CodeIgniter\Boot::bootWeb()
#14 {main}

Next CodeIgniter\Database\Exceptions\DatabaseException: No such file or directory in /home/davida/Documents/s4/Sys-Information /RH/system/Database/MySQLi/Connection.php:231
Stack trace:
#0 /home/davida/Documents/s4/Sys-Information /RH/system/Database/BaseConnection.php(555): CodeIgniter\Database\MySQLi\Connection->connect()
#1 /home/davida/Documents/s4/Sys-Information /RH/system/Database/BaseConnection.php(795): CodeIgniter\Database\BaseConnection->initialize()
#2 /home/davida/Documents/s4/Sys-Information /RH/system/Database/BaseBuilder.php(1649): CodeIgniter\Database\BaseConnection->query()
#3 /home/davida/Documents/s4/Sys-Information /RH/system/Model.php(295): CodeIgniter\Database\BaseBuilder->get()
#4 /home/davida/Documents/s4/Sys-Information /RH/system/BaseModel.php(714): CodeIgniter\Model->doFirst()
#5 /home/davida/Documents/s4/Sys-Information /RH/app/Models/EmployeModel.php(35): CodeIgniter\BaseModel->first()
#6 /home/davida/Documents/s4/Sys-Information /RH/app/Controllers/Auth.php(52): App\Models\EmployeModel->authentifier()
#7 /home/davida/Documents/s4/Sys-Information /RH/system/CodeIgniter.php(951): App\Controllers\Auth->doLogin()
#8 /home/davida/Documents/s4/Sys-Information /RH/system/CodeIgniter.php(497): CodeIgniter\CodeIgniter->runController()
#9 /home/davida/Documents/s4/Sys-Information /RH/system/CodeIgniter.php(340): CodeIgniter\CodeIgniter->handleRequest()
#10 /home/davida/Documents/s4/Sys-Information /RH/system/Boot.php(417): CodeIgniter\CodeIgniter->run()
#11 /home/davida/Documents/s4/Sys-Information /RH/system/Boot.php(68): CodeIgniter\Boot::runCodeIgniter()
#12 /home/davida/Documents/s4/Sys-Information /RH/public/index.php(59): CodeIgniter\Boot::bootWeb()
#13 {main}
CRITICAL - 2026-05-13 07:18:03 --> CodeIgniter\Database\Exceptions\DatabaseException: Unable to connect to the database.
Main connection [MySQLi]: No such file or directory
[Method: POST, Route: login]
in SYSTEMPATH/Database/BaseConnection.php on line 606.
 1 SYSTEMPATH/Database/BaseConnection.php(795): CodeIgniter\Database\BaseConnection->initialize()
 2 SYSTEMPATH/Database/BaseBuilder.php(1649): CodeIgniter\Database\BaseConnection->query()
 3 SYSTEMPATH/Model.php(295): CodeIgniter\Database\BaseBuilder->get()
 4 SYSTEMPATH/BaseModel.php(714): CodeIgniter\Model->doFirst()
 5 APPPATH/Models/EmployeModel.php(35): CodeIgniter\BaseModel->first()
 6 APPPATH/Controllers/Auth.php(52): App\Models\EmployeModel->authentifier()
 7 SYSTEMPATH/CodeIgniter.php(951): App\Controllers\Auth->doLogin()
 8 SYSTEMPATH/CodeIgniter.php(497): CodeIgniter\CodeIgniter->runController()
 9 SYSTEMPATH/CodeIgniter.php(340): CodeIgniter\CodeIgniter->handleRequest()
10 SYSTEMPATH/Boot.php(417): CodeIgniter\CodeIgniter->run()
11 SYSTEMPATH/Boot.php(68): CodeIgniter\Boot::runCodeIgniter()
12 FCPATH/index.php(59): CodeIgniter\Boot::bootWeb()
DEBUG - 2026-05-13 07:19:17 --> Session: Class initialized using 'CodeIgniter\Session\Handlers\FileHandler' driver.
DEBUG - 2026-05-13 07:20:03 --> Session: Class initialized using 'CodeIgniter\Session\Handlers\FileHandler' driver.
ERROR - 2026-05-13 07:20:03 --> Error connecting to the database: mysqli_sql_exception: No such file or directory in /home/davida/Documents/s4/Sys-Information /RH/system/Database/MySQLi/Connection.php:201
Stack trace:
#0 /home/davida/Documents/s4/Sys-Information /RH/system/Database/MySQLi/Connection.php(201): mysqli->real_connect()
#1 /home/davida/Documents/s4/Sys-Information /RH/system/Database/BaseConnection.php(555): CodeIgniter\Database\MySQLi\Connection->connect()
#2 /home/davida/Documents/s4/Sys-Information /RH/system/Database/BaseConnection.php(795): CodeIgniter\Database\BaseConnection->initialize()
#3 /home/davida/Documents/s4/Sys-Information /RH/system/Database/BaseBuilder.php(1649): CodeIgniter\Database\BaseConnection->query()
#4 /home/davida/Documents/s4/Sys-Information /RH/system/Model.php(295): CodeIgniter\Database\BaseBuilder->get()
#5 /home/davida/Documents/s4/Sys-Information /RH/system/BaseModel.php(714): CodeIgniter\Model->doFirst()
#6 /home/davida/Documents/s4/Sys-Information /RH/app/Models/EmployeModel.php(35): CodeIgniter\BaseModel->first()
#7 /home/davida/Documents/s4/Sys-Information /RH/app/Controllers/Auth.php(52): App\Models\EmployeModel->authentifier()
#8 /home/davida/Documents/s4/Sys-Information /RH/system/CodeIgniter.php(951): App\Controllers\Auth->doLogin()
#9 /home/davida/Documents/s4/Sys-Information /RH/system/CodeIgniter.php(497): CodeIgniter\CodeIgniter->runController()
#10 /home/davida/Documents/s4/Sys-Information /RH/system/CodeIgniter.php(340): CodeIgniter\CodeIgniter->handleRequest()
#11 /home/davida/Documents/s4/Sys-Information /RH/system/Boot.php(417): CodeIgniter\CodeIgniter->run()
#12 /home/davida/Documents/s4/Sys-Information /RH/system/Boot.php(68): CodeIgniter\Boot::runCodeIgniter()
#13 /home/davida/Documents/s4/Sys-Information /RH/public/index.php(59): CodeIgniter\Boot::bootWeb()
#14 {main}

Next CodeIgniter\Database\Exceptions\DatabaseException: No such file or directory in /home/davida/Documents/s4/Sys-Information /RH/system/Database/MySQLi/Connection.php:231
Stack trace:
#0 /home/davida/Documents/s4/Sys-Information /RH/system/Database/BaseConnection.php(555): CodeIgniter\Database\MySQLi\Connection->connect()
#1 /home/davida/Documents/s4/Sys-Information /RH/system/Database/BaseConnection.php(795): CodeIgniter\Database\BaseConnection->initialize()
#2 /home/davida/Documents/s4/Sys-Information /RH/system/Database/BaseBuilder.php(1649): CodeIgniter\Database\BaseConnection->query()
#3 /home/davida/Documents/s4/Sys-Information /RH/system/Model.php(295): CodeIgniter\Database\BaseBuilder->get()
#4 /home/davida/Documents/s4/Sys-Information /RH/system/BaseModel.php(714): CodeIgniter\Model->doFirst()
#5 /home/davida/Documents/s4/Sys-Information /RH/app/Models/EmployeModel.php(35): CodeIgniter\BaseModel->first()
#6 /home/davida/Documents/s4/Sys-Information /RH/app/Controllers/Auth.php(52): App\Models\EmployeModel->authentifier()
#7 /home/davida/Documents/s4/Sys-Information /RH/system/CodeIgniter.php(951): App\Controllers\Auth->doLogin()
#8 /home/davida/Documents/s4/Sys-Information /RH/system/CodeIgniter.php(497): CodeIgniter\CodeIgniter->runController()
#9 /home/davida/Documents/s4/Sys-Information /RH/system/CodeIgniter.php(340): CodeIgniter\CodeIgniter->handleRequest()
#10 /home/davida/Documents/s4/Sys-Information /RH/system/Boot.php(417): CodeIgniter\CodeIgniter->run()
#11 /home/davida/Documents/s4/Sys-Information /RH/system/Boot.php(68): CodeIgniter\Boot::runCodeIgniter()
#12 /home/davida/Documents/s4/Sys-Information /RH/public/index.php(59): CodeIgniter\Boot::bootWeb()
#13 {main}
CRITICAL - 2026-05-13 07:20:03 --> CodeIgniter\Database\Exceptions\DatabaseException: Unable to connect to the database.
Main connection [MySQLi]: No such file or directory
[Method: POST, Route: login]
in SYSTEMPATH/Database/BaseConnection.php on line 606.
 1 SYSTEMPATH/Database/BaseConnection.php(795): CodeIgniter\Database\BaseConnection->initialize()
 2 SYSTEMPATH/Database/BaseBuilder.php(1649): CodeIgniter\Database\BaseConnection->query()
 3 SYSTEMPATH/Model.php(295): CodeIgniter\Database\BaseBuilder->get()
 4 SYSTEMPATH/BaseModel.php(714): CodeIgniter\Model->doFirst()
 5 APPPATH/Models/EmployeModel.php(35): CodeIgniter\BaseModel->first()
 6 APPPATH/Controllers/Auth.php(52): App\Models\EmployeModel->authentifier()
 7 SYSTEMPATH/CodeIgniter.php(951): App\Controllers\Auth->doLogin()
 8 SYSTEMPATH/CodeIgniter.php(497): CodeIgniter\CodeIgniter->runController()
 9 SYSTEMPATH/CodeIgniter.php(340): CodeIgniter\CodeIgniter->handleRequest()
10 SYSTEMPATH/Boot.php(417): CodeIgniter\CodeIgniter->run()
11 SYSTEMPATH/Boot.php(68): CodeIgniter\Boot::runCodeIgniter()
12 FCPATH/index.php(59): CodeIgniter\Boot::bootWeb()
DEBUG - 2026-05-13 07:22:41 --> Session: Class initialized using 'CodeIgniter\Session\Handlers\FileHandler' driver.
ERROR - 2026-05-13 07:22:41 --> Error connecting to the database: mysqli_sql_exception: No such file or directory in /home/davida/Documents/s4/Sys-Information /RH/system/Database/MySQLi/Connection.php:201
Stack trace:
#0 /home/davida/Documents/s4/Sys-Information /RH/system/Database/MySQLi/Connection.php(201): mysqli->real_connect()
#1 /home/davida/Documents/s4/Sys-Information /RH/system/Database/BaseConnection.php(555): CodeIgniter\Database\MySQLi\Connection->connect()
#2 /home/davida/Documents/s4/Sys-Information /RH/system/Database/BaseConnection.php(795): CodeIgniter\Database\BaseConnection->initialize()
#3 /home/davida/Documents/s4/Sys-Information /RH/system/Database/BaseBuilder.php(1649): CodeIgniter\Database\BaseConnection->query()
#4 /home/davida/Documents/s4/Sys-Information /RH/system/Model.php(295): CodeIgniter\Database\BaseBuilder->get()
#5 /home/davida/Documents/s4/Sys-Information /RH/system/BaseModel.php(714): CodeIgniter\Model->doFirst()
#6 /home/davida/Documents/s4/Sys-Information /RH/app/Models/EmployeModel.php(35): CodeIgniter\BaseModel->first()
#7 /home/davida/Documents/s4/Sys-Information /RH/app/Controllers/Auth.php(52): App\Models\EmployeModel->authentifier()
#8 /home/davida/Documents/s4/Sys-Information /RH/system/CodeIgniter.php(951): App\Controllers\Auth->doLogin()
#9 /home/davida/Documents/s4/Sys-Information /RH/system/CodeIgniter.php(497): CodeIgniter\CodeIgniter->runController()
#10 /home/davida/Documents/s4/Sys-Information /RH/system/CodeIgniter.php(340): CodeIgniter\CodeIgniter->handleRequest()
#11 /home/davida/Documents/s4/Sys-Information /RH/system/Boot.php(417): CodeIgniter\CodeIgniter->run()
#12 /home/davida/Documents/s4/Sys-Information /RH/system/Boot.php(68): CodeIgniter\Boot::runCodeIgniter()
#13 /home/davida/Documents/s4/Sys-Information /RH/public/index.php(59): CodeIgniter\Boot::bootWeb()
#14 /home/davida/Documents/s4/Sys-Information /RH/system/rewrite.php(44): require_once('...')
#15 {main}

Next CodeIgniter\Database\Exceptions\DatabaseException: No such file or directory in /home/davida/Documents/s4/Sys-Information /RH/system/Database/MySQLi/Connection.php:231
Stack trace:
#0 /home/davida/Documents/s4/Sys-Information /RH/system/Database/BaseConnection.php(555): CodeIgniter\Database\MySQLi\Connection->connect()
#1 /home/davida/Documents/s4/Sys-Information /RH/system/Database/BaseConnection.php(795): CodeIgniter\Database\BaseConnection->initialize()
#2 /home/davida/Documents/s4/Sys-Information /RH/system/Database/BaseBuilder.php(1649): CodeIgniter\Database\BaseConnection->query()
#3 /home/davida/Documents/s4/Sys-Information /RH/system/Model.php(295): CodeIgniter\Database\BaseBuilder->get()
#4 /home/davida/Documents/s4/Sys-Information /RH/system/BaseModel.php(714): CodeIgniter\Model->doFirst()
#5 /home/davida/Documents/s4/Sys-Information /RH/app/Models/EmployeModel.php(35): CodeIgniter\BaseModel->first()
#6 /home/davida/Documents/s4/Sys-Information /RH/app/Controllers/Auth.php(52): App\Models\EmployeModel->authentifier()
#7 /home/davida/Documents/s4/Sys-Information /RH/system/CodeIgniter.php(951): App\Controllers\Auth->doLogin()
#8 /home/davida/Documents/s4/Sys-Information /RH/system/CodeIgniter.php(497): CodeIgniter\CodeIgniter->runController()
#9 /home/davida/Documents/s4/Sys-Information /RH/system/CodeIgniter.php(340): CodeIgniter\CodeIgniter->handleRequest()
#10 /home/davida/Documents/s4/Sys-Information /RH/system/Boot.php(417): CodeIgniter\CodeIgniter->run()
#11 /home/davida/Documents/s4/Sys-Information /RH/system/Boot.php(68): CodeIgniter\Boot::runCodeIgniter()
#12 /home/davida/Documents/s4/Sys-Information /RH/public/index.php(59): CodeIgniter\Boot::bootWeb()
#13 /home/davida/Documents/s4/Sys-Information /RH/system/rewrite.php(44): require_once('...')
#14 {main}
CRITICAL - 2026-05-13 07:22:41 --> CodeIgniter\Database\Exceptions\DatabaseException: Unable to connect to the database.
Main connection [MySQLi]: No such file or directory
[Method: POST, Route: login]
in SYSTEMPATH/Database/BaseConnection.php on line 606.
 1 SYSTEMPATH/Database/BaseConnection.php(795): CodeIgniter\Database\BaseConnection->initialize()
 2 SYSTEMPATH/Database/BaseBuilder.php(1649): CodeIgniter\Database\BaseConnection->query()
 3 SYSTEMPATH/Model.php(295): CodeIgniter\Database\BaseBuilder->get()
 4 SYSTEMPATH/BaseModel.php(714): CodeIgniter\Model->doFirst()
 5 APPPATH/Models/EmployeModel.php(35): CodeIgniter\BaseModel->first()
 6 APPPATH/Controllers/Auth.php(52): App\Models\EmployeModel->authentifier()
 7 SYSTEMPATH/CodeIgniter.php(951): App\Controllers\Auth->doLogin()
 8 SYSTEMPATH/CodeIgniter.php(497): CodeIgniter\CodeIgniter->runController()
 9 SYSTEMPATH/CodeIgniter.php(340): CodeIgniter\CodeIgniter->handleRequest()
10 SYSTEMPATH/Boot.php(417): CodeIgniter\CodeIgniter->run()
11 SYSTEMPATH/Boot.php(68): CodeIgniter\Boot::runCodeIgniter()
12 FCPATH/index.php(59): CodeIgniter\Boot::bootWeb()
13 SYSTEMPATH/rewrite.php(44): require_once('/home/davida/Documents/s4/Sys-Information /RH/public/index.php')
DEBUG - 2026-05-13 07:22:48 --> Session: Class initialized using 'CodeIgniter\Session\Handlers\FileHandler' driver.
DEBUG - 2026-05-13 07:23:12 --> Session: Class initialized using 'CodeIgniter\Session\Handlers\FileHandler' driver.
ERROR - 2026-05-13 07:23:12 --> Error connecting to the database: mysqli_sql_exception: No such file or directory in /home/davida/Documents/s4/Sys-Information /RH/system/Database/MySQLi/Connection.php:201
Stack trace:
#0 /home/davida/Documents/s4/Sys-Information /RH/system/Database/MySQLi/Connection.php(201): mysqli->real_connect()
#1 /home/davida/Documents/s4/Sys-Information /RH/system/Database/BaseConnection.php(555): CodeIgniter\Database\MySQLi\Connection->connect()
#2 /home/davida/Documents/s4/Sys-Information /RH/system/Database/BaseConnection.php(795): CodeIgniter\Database\BaseConnection->initialize()
#3 /home/davida/Documents/s4/Sys-Information /RH/system/Database/BaseBuilder.php(1649): CodeIgniter\Database\BaseConnection->query()
#4 /home/davida/Documents/s4/Sys-Information /RH/system/Model.php(295): CodeIgniter\Database\BaseBuilder->get()
#5 /home/davida/Documents/s4/Sys-Information /RH/system/BaseModel.php(714): CodeIgniter\Model->doFirst()
#6 /home/davida/Documents/s4/Sys-Information /RH/app/Models/EmployeModel.php(35): CodeIgniter\BaseModel->first()
#7 /home/davida/Documents/s4/Sys-Information /RH/app/Controllers/Auth.php(52): App\Models\EmployeModel->authentifier()
#8 /home/davida/Documents/s4/Sys-Information /RH/system/CodeIgniter.php(951): App\Controllers\Auth->doLogin()
#9 /home/davida/Documents/s4/Sys-Information /RH/system/CodeIgniter.php(497): CodeIgniter\CodeIgniter->runController()
#10 /home/davida/Documents/s4/Sys-Information /RH/system/CodeIgniter.php(340): CodeIgniter\CodeIgniter->handleRequest()
#11 /home/davida/Documents/s4/Sys-Information /RH/system/Boot.php(417): CodeIgniter\CodeIgniter->run()
#12 /home/davida/Documents/s4/Sys-Information /RH/system/Boot.php(68): CodeIgniter\Boot::runCodeIgniter()
#13 /home/davida/Documents/s4/Sys-Information /RH/public/index.php(59): CodeIgniter\Boot::bootWeb()
#14 /home/davida/Documents/s4/Sys-Information /RH/system/rewrite.php(44): require_once('...')
#15 {main}

Next CodeIgniter\Database\Exceptions\DatabaseException: No such file or directory in /home/davida/Documents/s4/Sys-Information /RH/system/Database/MySQLi/Connection.php:231
Stack trace:
#0 /home/davida/Documents/s4/Sys-Information /RH/system/Database/BaseConnection.php(555): CodeIgniter\Database\MySQLi\Connection->connect()
#1 /home/davida/Documents/s4/Sys-Information /RH/system/Database/BaseConnection.php(795): CodeIgniter\Database\BaseConnection->initialize()
#2 /home/davida/Documents/s4/Sys-Information /RH/system/Database/BaseBuilder.php(1649): CodeIgniter\Database\BaseConnection->query()
#3 /home/davida/Documents/s4/Sys-Information /RH/system/Model.php(295): CodeIgniter\Database\BaseBuilder->get()
#4 /home/davida/Documents/s4/Sys-Information /RH/system/BaseModel.php(714): CodeIgniter\Model->doFirst()
#5 /home/davida/Documents/s4/Sys-Information /RH/app/Models/EmployeModel.php(35): CodeIgniter\BaseModel->first()
#6 /home/davida/Documents/s4/Sys-Information /RH/app/Controllers/Auth.php(52): App\Models\EmployeModel->authentifier()
#7 /home/davida/Documents/s4/Sys-Information /RH/system/CodeIgniter.php(951): App\Controllers\Auth->doLogin()
#8 /home/davida/Documents/s4/Sys-Information /RH/system/CodeIgniter.php(497): CodeIgniter\CodeIgniter->runController()
#9 /home/davida/Documents/s4/Sys-Information /RH/system/CodeIgniter.php(340): CodeIgniter\CodeIgniter->handleRequest()
#10 /home/davida/Documents/s4/Sys-Information /RH/system/Boot.php(417): CodeIgniter\CodeIgniter->run()
#11 /home/davida/Documents/s4/Sys-Information /RH/system/Boot.php(68): CodeIgniter\Boot::runCodeIgniter()
#12 /home/davida/Documents/s4/Sys-Information /RH/public/index.php(59): CodeIgniter\Boot::bootWeb()
#13 /home/davida/Documents/s4/Sys-Information /RH/system/rewrite.php(44): require_once('...')
#14 {main}
CRITICAL - 2026-05-13 07:23:12 --> CodeIgniter\Database\Exceptions\DatabaseException: Unable to connect to the database.
Main connection [MySQLi]: No such file or directory
[Method: POST, Route: login]
in SYSTEMPATH/Database/BaseConnection.php on line 606.
 1 SYSTEMPATH/Database/BaseConnection.php(795): CodeIgniter\Database\BaseConnection->initialize()
 2 SYSTEMPATH/Database/BaseBuilder.php(1649): CodeIgniter\Database\BaseConnection->query()
 3 SYSTEMPATH/Model.php(295): CodeIgniter\Database\BaseBuilder->get()
 4 SYSTEMPATH/BaseModel.php(714): CodeIgniter\Model->doFirst()
 5 APPPATH/Models/EmployeModel.php(35): CodeIgniter\BaseModel->first()
 6 APPPATH/Controllers/Auth.php(52): App\Models\EmployeModel->authentifier()
 7 SYSTEMPATH/CodeIgniter.php(951): App\Controllers\Auth->doLogin()
 8 SYSTEMPATH/CodeIgniter.php(497): CodeIgniter\CodeIgniter->runController()
 9 SYSTEMPATH/CodeIgniter.php(340): CodeIgniter\CodeIgniter->handleRequest()
10 SYSTEMPATH/Boot.php(417): CodeIgniter\CodeIgniter->run()
11 SYSTEMPATH/Boot.php(68): CodeIgniter\Boot::runCodeIgniter()
12 FCPATH/index.php(59): CodeIgniter\Boot::bootWeb()
13 SYSTEMPATH/rewrite.php(44): require_once('/home/davida/Documents/s4/Sys-Information /RH/public/index.php')
DEBUG - 2026-05-13 07:23:57 --> Session: Class initialized using 'CodeIgniter\Session\Handlers\FileHandler' driver.
ERROR - 2026-05-13 07:23:57 --> Error connecting to the database: Error: Class "SQLite3" not found in /home/davida/Documents/s4/Sys-Information /RH/system/Database/SQLite3/Connection.php:111
Stack trace:
#0 /home/davida/Documents/s4/Sys-Information /RH/system/Database/BaseConnection.php(555): CodeIgniter\Database\SQLite3\Connection->connect()
#1 /home/davida/Documents/s4/Sys-Information /RH/system/Database/SQLite3/Connection.php(74): CodeIgniter\Database\BaseConnection->initialize()
#2 /home/davida/Documents/s4/Sys-Information /RH/system/Database/BaseConnection.php(795): CodeIgniter\Database\SQLite3\Connection->initialize()
#3 /home/davida/Documents/s4/Sys-Information /RH/system/Database/BaseBuilder.php(1649): CodeIgniter\Database\BaseConnection->query()
#4 /home/davida/Documents/s4/Sys-Information /RH/system/Model.php(295): CodeIgniter\Database\BaseBuilder->get()
#5 /home/davida/Documents/s4/Sys-Information /RH/system/BaseModel.php(714): CodeIgniter\Model->doFirst()
#6 /home/davida/Documents/s4/Sys-Information /RH/app/Models/EmployeModel.php(35): CodeIgniter\BaseModel->first()
#7 /home/davida/Documents/s4/Sys-Information /RH/app/Controllers/Auth.php(52): App\Models\EmployeModel->authentifier()
#8 /home/davida/Documents/s4/Sys-Information /RH/system/CodeIgniter.php(951): App\Controllers\Auth->doLogin()
#9 /home/davida/Documents/s4/Sys-Information /RH/system/CodeIgniter.php(497): CodeIgniter\CodeIgniter->runController()
#10 /home/davida/Documents/s4/Sys-Information /RH/system/CodeIgniter.php(340): CodeIgniter\CodeIgniter->handleRequest()
#11 /home/davida/Documents/s4/Sys-Information /RH/system/Boot.php(417): CodeIgniter\CodeIgniter->run()
#12 /home/davida/Documents/s4/Sys-Information /RH/system/Boot.php(68): CodeIgniter\Boot::runCodeIgniter()
#13 /home/davida/Documents/s4/Sys-Information /RH/public/index.php(59): CodeIgniter\Boot::bootWeb()
#14 /home/davida/Documents/s4/Sys-Information /RH/system/rewrite.php(44): require_once('...')
#15 {main}
CRITICAL - 2026-05-13 07:23:57 --> CodeIgniter\Database\Exceptions\DatabaseException: Unable to connect to the database.
Main connection [SQLite3]: Class "SQLite3" not found
[Method: POST, Route: login]
in SYSTEMPATH/Database/BaseConnection.php on line 606.
 1 SYSTEMPATH/Database/SQLite3/Connection.php(74): CodeIgniter\Database\BaseConnection->initialize()
 2 SYSTEMPATH/Database/BaseConnection.php(795): CodeIgniter\Database\SQLite3\Connection->initialize()
 3 SYSTEMPATH/Database/BaseBuilder.php(1649): CodeIgniter\Database\BaseConnection->query()
 4 SYSTEMPATH/Model.php(295): CodeIgniter\Database\BaseBuilder->get()
 5 SYSTEMPATH/BaseModel.php(714): CodeIgniter\Model->doFirst()
 6 APPPATH/Models/EmployeModel.php(35): CodeIgniter\BaseModel->first()
 7 APPPATH/Controllers/Auth.php(52): App\Models\EmployeModel->authentifier()
 8 SYSTEMPATH/CodeIgniter.php(951): App\Controllers\Auth->doLogin()
 9 SYSTEMPATH/CodeIgniter.php(497): CodeIgniter\CodeIgniter->runController()
10 SYSTEMPATH/CodeIgniter.php(340): CodeIgniter\CodeIgniter->handleRequest()
11 SYSTEMPATH/Boot.php(417): CodeIgniter\CodeIgniter->run()
12 SYSTEMPATH/Boot.php(68): CodeIgniter\Boot::runCodeIgniter()
13 FCPATH/index.php(59): CodeIgniter\Boot::bootWeb()
14 SYSTEMPATH/rewrite.php(44): require_once('/home/davida/Documents/s4/Sys-Information /RH/public/index.php')
DEBUG - 2026-05-13 07:24:05 --> Session: Class initialized using 'CodeIgniter\Session\Handlers\FileHandler' driver.
DEBUG - 2026-05-13 07:24:37 --> Session: Class initialized using 'CodeIgniter\Session\Handlers\FileHandler' driver.
ERROR - 2026-05-13 07:24:37 --> Error connecting to the database: Error: Class "SQLite3" not found in /home/davida/Documents/s4/Sys-Information /RH/system/Database/SQLite3/Connection.php:111
Stack trace:
#0 /home/davida/Documents/s4/Sys-Information /RH/system/Database/BaseConnection.php(555): CodeIgniter\Database\SQLite3\Connection->connect()
#1 /home/davida/Documents/s4/Sys-Information /RH/system/Database/SQLite3/Connection.php(74): CodeIgniter\Database\BaseConnection->initialize()
#2 /home/davida/Documents/s4/Sys-Information /RH/system/Database/BaseConnection.php(795): CodeIgniter\Database\SQLite3\Connection->initialize()
#3 /home/davida/Documents/s4/Sys-Information /RH/system/Database/BaseBuilder.php(1649): CodeIgniter\Database\BaseConnection->query()
#4 /home/davida/Documents/s4/Sys-Information /RH/system/Model.php(295): CodeIgniter\Database\BaseBuilder->get()
#5 /home/davida/Documents/s4/Sys-Information /RH/system/BaseModel.php(714): CodeIgniter\Model->doFirst()
#6 /home/davida/Documents/s4/Sys-Information /RH/app/Models/EmployeModel.php(35): CodeIgniter\BaseModel->first()
#7 /home/davida/Documents/s4/Sys-Information /RH/app/Controllers/Auth.php(52): App\Models\EmployeModel->authentifier()
#8 /home/davida/Documents/s4/Sys-Information /RH/system/CodeIgniter.php(951): App\Controllers\Auth->doLogin()
#9 /home/davida/Documents/s4/Sys-Information /RH/system/CodeIgniter.php(497): CodeIgniter\CodeIgniter->runController()
#10 /home/davida/Documents/s4/Sys-Information /RH/system/CodeIgniter.php(340): CodeIgniter\CodeIgniter->handleRequest()
#11 /home/davida/Documents/s4/Sys-Information /RH/system/Boot.php(417): CodeIgniter\CodeIgniter->run()
#12 /home/davida/Documents/s4/Sys-Information /RH/system/Boot.php(68): CodeIgniter\Boot::runCodeIgniter()
#13 /home/davida/Documents/s4/Sys-Information /RH/public/index.php(59): CodeIgniter\Boot::bootWeb()
#14 /home/davida/Documents/s4/Sys-Information /RH/system/rewrite.php(44): require_once('...')
#15 {main}
CRITICAL - 2026-05-13 07:24:37 --> CodeIgniter\Database\Exceptions\DatabaseException: Unable to connect to the database.
Main connection [SQLite3]: Class "SQLite3" not found
[Method: POST, Route: login]
in SYSTEMPATH/Database/BaseConnection.php on line 606.
 1 SYSTEMPATH/Database/SQLite3/Connection.php(74): CodeIgniter\Database\BaseConnection->initialize()
 2 SYSTEMPATH/Database/BaseConnection.php(795): CodeIgniter\Database\SQLite3\Connection->initialize()
 3 SYSTEMPATH/Database/BaseBuilder.php(1649): CodeIgniter\Database\BaseConnection->query()
 4 SYSTEMPATH/Model.php(295): CodeIgniter\Database\BaseBuilder->get()
 5 SYSTEMPATH/BaseModel.php(714): CodeIgniter\Model->doFirst()
 6 APPPATH/Models/EmployeModel.php(35): CodeIgniter\BaseModel->first()
 7 APPPATH/Controllers/Auth.php(52): App\Models\EmployeModel->authentifier()
 8 SYSTEMPATH/CodeIgniter.php(951): App\Controllers\Auth->doLogin()
 9 SYSTEMPATH/CodeIgniter.php(497): CodeIgniter\CodeIgniter->runController()
10 SYSTEMPATH/CodeIgniter.php(340): CodeIgniter\CodeIgniter->handleRequest()
11 SYSTEMPATH/Boot.php(417): CodeIgniter\CodeIgniter->run()
12 SYSTEMPATH/Boot.php(68): CodeIgniter\Boot::runCodeIgniter()
13 FCPATH/index.php(59): CodeIgniter\Boot::bootWeb()
14 SYSTEMPATH/rewrite.php(44): require_once('/home/davida/Documents/s4/Sys-Information /RH/public/index.php')
DEBUG - 2026-05-13 07:25:03 --> Session: Class initialized using 'CodeIgniter\Session\Handlers\FileHandler' driver.
DEBUG - 2026-05-13 07:25:22 --> Session: Class initialized using 'CodeIgniter\Session\Handlers\FileHandler' driver.
ERROR - 2026-05-13 07:25:22 --> Error connecting to the database: Error: Class "SQLite3" not found in /home/davida/Documents/s4/Sys-Information /RH/system/Database/SQLite3/Connection.php:111
Stack trace:
#0 /home/davida/Documents/s4/Sys-Information /RH/system/Database/BaseConnection.php(555): CodeIgniter\Database\SQLite3\Connection->connect()
#1 /home/davida/Documents/s4/Sys-Information /RH/system/Database/SQLite3/Connection.php(74): CodeIgniter\Database\BaseConnection->initialize()
#2 /home/davida/Documents/s4/Sys-Information /RH/system/Database/BaseConnection.php(795): CodeIgniter\Database\SQLite3\Connection->initialize()
#3 /home/davida/Documents/s4/Sys-Information /RH/system/Database/BaseBuilder.php(1649): CodeIgniter\Database\BaseConnection->query()
#4 /home/davida/Documents/s4/Sys-Information /RH/system/Model.php(295): CodeIgniter\Database\BaseBuilder->get()
#5 /home/davida/Documents/s4/Sys-Information /RH/system/BaseModel.php(714): CodeIgniter\Model->doFirst()
#6 /home/davida/Documents/s4/Sys-Information /RH/app/Models/EmployeModel.php(35): CodeIgniter\BaseModel->first()
#7 /home/davida/Documents/s4/Sys-Information /RH/app/Controllers/Auth.php(52): App\Models\EmployeModel->authentifier()
#8 /home/davida/Documents/s4/Sys-Information /RH/system/CodeIgniter.php(951): App\Controllers\Auth->doLogin()
#9 /home/davida/Documents/s4/Sys-Information /RH/system/CodeIgniter.php(497): CodeIgniter\CodeIgniter->runController()
#10 /home/davida/Documents/s4/Sys-Information /RH/system/CodeIgniter.php(340): CodeIgniter\CodeIgniter->handleRequest()
#11 /home/davida/Documents/s4/Sys-Information /RH/system/Boot.php(417): CodeIgniter\CodeIgniter->run()
#12 /home/davida/Documents/s4/Sys-Information /RH/system/Boot.php(68): CodeIgniter\Boot::runCodeIgniter()
#13 /home/davida/Documents/s4/Sys-Information /RH/public/index.php(59): CodeIgniter\Boot::bootWeb()
#14 {main}
CRITICAL - 2026-05-13 07:25:22 --> CodeIgniter\Database\Exceptions\DatabaseException: Unable to connect to the database.
Main connection [SQLite3]: Class "SQLite3" not found
[Method: POST, Route: login]
in SYSTEMPATH/Database/BaseConnection.php on line 606.
 1 SYSTEMPATH/Database/SQLite3/Connection.php(74): CodeIgniter\Database\BaseConnection->initialize()
 2 SYSTEMPATH/Database/BaseConnection.php(795): CodeIgniter\Database\SQLite3\Connection->initialize()
 3 SYSTEMPATH/Database/BaseBuilder.php(1649): CodeIgniter\Database\BaseConnection->query()
 4 SYSTEMPATH/Model.php(295): CodeIgniter\Database\BaseBuilder->get()
 5 SYSTEMPATH/BaseModel.php(714): CodeIgniter\Model->doFirst()
 6 APPPATH/Models/EmployeModel.php(35): CodeIgniter\BaseModel->first()
 7 APPPATH/Controllers/Auth.php(52): App\Models\EmployeModel->authentifier()
 8 SYSTEMPATH/CodeIgniter.php(951): App\Controllers\Auth->doLogin()
 9 SYSTEMPATH/CodeIgniter.php(497): CodeIgniter\CodeIgniter->runController()
10 SYSTEMPATH/CodeIgniter.php(340): CodeIgniter\CodeIgniter->handleRequest()
11 SYSTEMPATH/Boot.php(417): CodeIgniter\CodeIgniter->run()
12 SYSTEMPATH/Boot.php(68): CodeIgniter\Boot::runCodeIgniter()
13 FCPATH/index.php(59): CodeIgniter\Boot::bootWeb()
DEBUG - 2026-05-13 07:25:52 --> Session: Class initialized using 'CodeIgniter\Session\Handlers\FileHandler' driver.
DEBUG - 2026-05-13 07:26:12 --> Session: Class initialized using 'CodeIgniter\Session\Handlers\FileHandler' driver.
ERROR - 2026-05-13 07:26:12 --> Error connecting to the database: Error: Class "SQLite3" not found in /home/davida/Documents/s4/Sys-Information /RH/system/Database/SQLite3/Connection.php:111
Stack trace:
#0 /home/davida/Documents/s4/Sys-Information /RH/system/Database/BaseConnection.php(555): CodeIgniter\Database\SQLite3\Connection->connect()
#1 /home/davida/Documents/s4/Sys-Information /RH/system/Database/SQLite3/Connection.php(74): CodeIgniter\Database\BaseConnection->initialize()
#2 /home/davida/Documents/s4/Sys-Information /RH/system/Database/BaseConnection.php(795): CodeIgniter\Database\SQLite3\Connection->initialize()
#3 /home/davida/Documents/s4/Sys-Information /RH/system/Database/BaseBuilder.php(1649): CodeIgniter\Database\BaseConnection->query()
#4 /home/davida/Documents/s4/Sys-Information /RH/system/Model.php(295): CodeIgniter\Database\BaseBuilder->get()
#5 /home/davida/Documents/s4/Sys-Information /RH/system/BaseModel.php(714): CodeIgniter\Model->doFirst()
#6 /home/davida/Documents/s4/Sys-Information /RH/app/Models/EmployeModel.php(35): CodeIgniter\BaseModel->first()
#7 /home/davida/Documents/s4/Sys-Information /RH/app/Controllers/Auth.php(52): App\Models\EmployeModel->authentifier()
#8 /home/davida/Documents/s4/Sys-Information /RH/system/CodeIgniter.php(951): App\Controllers\Auth->doLogin()
#9 /home/davida/Documents/s4/Sys-Information /RH/system/CodeIgniter.php(497): CodeIgniter\CodeIgniter->runController()
#10 /home/davida/Documents/s4/Sys-Information /RH/system/CodeIgniter.php(340): CodeIgniter\CodeIgniter->handleRequest()
#11 /home/davida/Documents/s4/Sys-Information /RH/system/Boot.php(417): CodeIgniter\CodeIgniter->run()
#12 /home/davida/Documents/s4/Sys-Information /RH/system/Boot.php(68): CodeIgniter\Boot::runCodeIgniter()
#13 /home/davida/Documents/s4/Sys-Information /RH/public/index.php(59): CodeIgniter\Boot::bootWeb()
#14 {main}
CRITICAL - 2026-05-13 07:26:12 --> CodeIgniter\Database\Exceptions\DatabaseException: Unable to connect to the database.
Main connection [SQLite3]: Class "SQLite3" not found
[Method: POST, Route: login]
in SYSTEMPATH/Database/BaseConnection.php on line 606.
 1 SYSTEMPATH/Database/SQLite3/Connection.php(74): CodeIgniter\Database\BaseConnection->initialize()
 2 SYSTEMPATH/Database/BaseConnection.php(795): CodeIgniter\Database\SQLite3\Connection->initialize()
 3 SYSTEMPATH/Database/BaseBuilder.php(1649): CodeIgniter\Database\BaseConnection->query()
 4 SYSTEMPATH/Model.php(295): CodeIgniter\Database\BaseBuilder->get()
 5 SYSTEMPATH/BaseModel.php(714): CodeIgniter\Model->doFirst()
 6 APPPATH/Models/EmployeModel.php(35): CodeIgniter\BaseModel->first()
 7 APPPATH/Controllers/Auth.php(52): App\Models\EmployeModel->authentifier()
 8 SYSTEMPATH/CodeIgniter.php(951): App\Controllers\Auth->doLogin()
 9 SYSTEMPATH/CodeIgniter.php(497): CodeIgniter\CodeIgniter->runController()
10 SYSTEMPATH/CodeIgniter.php(340): CodeIgniter\CodeIgniter->handleRequest()
11 SYSTEMPATH/Boot.php(417): CodeIgniter\CodeIgniter->run()
12 SYSTEMPATH/Boot.php(68): CodeIgniter\Boot::runCodeIgniter()
13 FCPATH/index.php(59): CodeIgniter\Boot::bootWeb()
DEBUG - 2026-05-13 07:32:58 --> Session: Class initialized using 'CodeIgniter\Session\Handlers\FileHandler' driver.
DEBUG - 2026-05-13 07:33:22 --> Session: Class initialized using 'CodeIgniter\Session\Handlers\FileHandler' driver.
ERROR - 2026-05-13 07:33:22 --> Error connecting to the database: Error: Class "SQLite3" not found in /home/davida/Documents/s4/Sys-Information /RH/system/Database/SQLite3/Connection.php:111
Stack trace:
#0 /home/davida/Documents/s4/Sys-Information /RH/system/Database/BaseConnection.php(555): CodeIgniter\Database\SQLite3\Connection->connect()
#1 /home/davida/Documents/s4/Sys-Information /RH/system/Database/SQLite3/Connection.php(74): CodeIgniter\Database\BaseConnection->initialize()
#2 /home/davida/Documents/s4/Sys-Information /RH/system/Database/BaseConnection.php(795): CodeIgniter\Database\SQLite3\Connection->initialize()
#3 /home/davida/Documents/s4/Sys-Information /RH/system/Database/BaseBuilder.php(1649): CodeIgniter\Database\BaseConnection->query()
#4 /home/davida/Documents/s4/Sys-Information /RH/system/Model.php(295): CodeIgniter\Database\BaseBuilder->get()
#5 /home/davida/Documents/s4/Sys-Information /RH/system/BaseModel.php(714): CodeIgniter\Model->doFirst()
#6 /home/davida/Documents/s4/Sys-Information /RH/app/Models/EmployeModel.php(35): CodeIgniter\BaseModel->first()
#7 /home/davida/Documents/s4/Sys-Information /RH/app/Controllers/Auth.php(52): App\Models\EmployeModel->authentifier()
#8 /home/davida/Documents/s4/Sys-Information /RH/system/CodeIgniter.php(951): App\Controllers\Auth->doLogin()
#9 /home/davida/Documents/s4/Sys-Information /RH/system/CodeIgniter.php(497): CodeIgniter\CodeIgniter->runController()
#10 /home/davida/Documents/s4/Sys-Information /RH/system/CodeIgniter.php(340): CodeIgniter\CodeIgniter->handleRequest()
#11 /home/davida/Documents/s4/Sys-Information /RH/system/Boot.php(417): CodeIgniter\CodeIgniter->run()
#12 /home/davida/Documents/s4/Sys-Information /RH/system/Boot.php(68): CodeIgniter\Boot::runCodeIgniter()
#13 /home/davida/Documents/s4/Sys-Information /RH/public/index.php(59): CodeIgniter\Boot::bootWeb()
#14 /home/davida/Documents/s4/Sys-Information /RH/system/rewrite.php(44): require_once('...')
#15 {main}
CRITICAL - 2026-05-13 07:33:22 --> CodeIgniter\Database\Exceptions\DatabaseException: Unable to connect to the database.
Main connection [SQLite3]: Class "SQLite3" not found
[Method: POST, Route: login]
in SYSTEMPATH/Database/BaseConnection.php on line 606.
 1 SYSTEMPATH/Database/SQLite3/Connection.php(74): CodeIgniter\Database\BaseConnection->initialize()
 2 SYSTEMPATH/Database/BaseConnection.php(795): CodeIgniter\Database\SQLite3\Connection->initialize()
 3 SYSTEMPATH/Database/BaseBuilder.php(1649): CodeIgniter\Database\BaseConnection->query()
 4 SYSTEMPATH/Model.php(295): CodeIgniter\Database\BaseBuilder->get()
 5 SYSTEMPATH/BaseModel.php(714): CodeIgniter\Model->doFirst()
 6 APPPATH/Models/EmployeModel.php(35): CodeIgniter\BaseModel->first()
 7 APPPATH/Controllers/Auth.php(52): App\Models\EmployeModel->authentifier()
 8 SYSTEMPATH/CodeIgniter.php(951): App\Controllers\Auth->doLogin()
 9 SYSTEMPATH/CodeIgniter.php(497): CodeIgniter\CodeIgniter->runController()
10 SYSTEMPATH/CodeIgniter.php(340): CodeIgniter\CodeIgniter->handleRequest()
11 SYSTEMPATH/Boot.php(417): CodeIgniter\CodeIgniter->run()
12 SYSTEMPATH/Boot.php(68): CodeIgniter\Boot::runCodeIgniter()
13 FCPATH/index.php(59): CodeIgniter\Boot::bootWeb()
14 SYSTEMPATH/rewrite.php(44): require_once('/home/davida/Documents/s4/Sys-Information /RH/public/index.php')
